// Jest Snapshot v1, https://goo.gl/fbAQLP

exports[`should remove comments 1`] = `
"
        <div class="my-class">
            
            
            
        </div>
    "
`;
